mode: atomic
taskservice/internal/config/config.go:17.29,26.27 2 2
taskservice/internal/config/config.go:26.27,28.3 1 1
taskservice/internal/config/config.go:30.2,30.17 1 1
taskservice/internal/config/config.go:33.42,35.15 2 4
taskservice/internal/config/config.go:35.15,37.3 1 2
taskservice/internal/config/config.go:39.2,40.16 2 2
taskservice/internal/config/config.go:40.16,42.3 1 1
taskservice/internal/config/config.go:44.2,44.15 1 1
taskservice/internal/config/config.go:47.44,48.38 1 5
taskservice/internal/config/config.go:48.38,50.3 1 1
taskservice/internal/config/config.go:51.2,51.12 1 4
taskservice/internal/config/config.go:54.45,56.15 2 2
taskservice/internal/config/config.go:56.15,58.3 1 2
taskservice/internal/config/config.go:60.2,61.16 2 0
taskservice/internal/config/config.go:61.16,63.3 1 0
taskservice/internal/config/config.go:65.2,65.15 1 0
taskservice/pkg/httperr/mapper.go:12.37,13.9 1 8
taskservice/pkg/httperr/mapper.go:14.18,15.43 1 1
taskservice/pkg/httperr/mapper.go:16.30,17.34 1 2
taskservice/pkg/httperr/mapper.go:18.37,19.32 1 1
taskservice/pkg/httperr/mapper.go:20.53,21.32 1 1
taskservice/pkg/httperr/mapper.go:24.2,25.53 2 3
taskservice/pkg/httperr/mapper.go:25.53,27.3 1 1
taskservice/pkg/httperr/mapper.go:29.2,29.42 1 2
taskservice/pkg/httperr/mapper.go:32.40,33.42 1 7
taskservice/pkg/httperr/mapper.go:33.42,35.3 1 1
taskservice/pkg/httperr/mapper.go:37.2,38.39 2 6
taskservice/internal/domain/user/entity.go:20.32,25.2 1 4
taskservice/internal/domain/user/param.go:22.44,28.2 2 4
taskservice/internal/domain/user/service.go:14.49,19.2 1 3
taskservice/internal/domain/user/service.go:21.91,22.24 1 2
taskservice/internal/domain/user/service.go:22.24,23.65 1 2
taskservice/internal/domain/user/service.go:23.65,25.4 1 1
taskservice/internal/domain/user/service.go:26.8,27.43 1 0
taskservice/internal/domain/user/service.go:27.43,29.4 1 0
taskservice/internal/domain/user/service.go:32.2,37.56 2 1
taskservice/internal/domain/user/service.go:37.56,39.3 1 0
taskservice/internal/domain/user/service.go:41.2,41.19 1 1
taskservice/internal/domain/user/service.go:44.76,46.16 2 1
taskservice/internal/domain/user/service.go:46.16,48.3 1 0
taskservice/internal/domain/user/service.go:50.2,50.16 1 1
taskservice/internal/domain/user/validation.go:16.50,18.2 1 5
taskservice/internal/domain/user/validation.go:20.92,21.42 1 4
taskservice/internal/domain/user/validation.go:21.42,23.3 1 1
taskservice/internal/domain/user/validation.go:25.2,25.47 1 3
taskservice/internal/domain/user/validation.go:28.84,29.23 1 3
taskservice/internal/domain/user/validation.go:29.23,31.3 1 0
taskservice/internal/domain/user/validation.go:33.2,34.16 2 3
taskservice/internal/domain/user/validation.go:34.16,36.3 1 1
taskservice/internal/domain/user/validation.go:38.2,38.12 1 2
taskservice/internal/domain/user/validation.go:38.12,40.3 1 1
taskservice/internal/domain/user/validation.go:42.2,42.12 1 1
taskservice/internal/domain/task/service.go:27.83,33.2 1 10
taskservice/internal/domain/task/service.go:35.91,36.24 1 2
taskservice/internal/domain/task/service.go:36.24,38.3 1 0
taskservice/internal/domain/task/service.go:40.2,40.64 1 2
taskservice/internal/domain/task/service.go:40.64,42.3 1 1
taskservice/internal/domain/task/service.go:44.2,51.56 2 1
taskservice/internal/domain/task/service.go:51.56,53.3 1 0
taskservice/internal/domain/task/service.go:55.2,55.20 1 1
taskservice/internal/domain/task/service.go:55.20,57.3 1 0
taskservice/internal/domain/task/service.go:59.2,59.19 1 1
taskservice/internal/domain/task/service.go:62.76,64.2 1 1
taskservice/internal/domain/task/service.go:66.90,68.38 2 3
taskservice/internal/domain/task/service.go:68.38,69.82 1 2
taskservice/internal/domain/task/service.go:69.82,71.4 1 1
taskservice/internal/domain/task/service.go:74.2,75.16 2 2
taskservice/internal/domain/task/service.go:75.16,77.3 1 0
taskservice/internal/domain/task/service.go:79.2,79.38 1 2
taskservice/internal/domain/task/service.go:79.38,81.3 1 1
taskservice/internal/domain/task/service.go:83.2,83.19 1 2
taskservice/internal/domain/task/service.go:86.91,87.24 1 2
taskservice/internal/domain/task/service.go:87.24,89.3 1 1
taskservice/internal/domain/task/service.go:91.2,91.64 1 1
taskservice/internal/domain/task/service.go:91.64,93.3 1 0
taskservice/internal/domain/task/service.go:95.2,103.56 2 1
taskservice/internal/domain/task/service.go:103.56,105.3 1 0
taskservice/internal/domain/task/service.go:107.2,107.20 1 1
taskservice/internal/domain/task/service.go:107.20,109.3 1 1
taskservice/internal/domain/task/service.go:111.2,111.19 1 1
taskservice/internal/domain/task/service.go:114.70,115.53 1 1
taskservice/internal/domain/task/service.go:115.53,117.3 1 0
taskservice/internal/domain/task/service.go:119.2,119.20 1 1
taskservice/internal/domain/task/service.go:119.20,121.3 1 1
taskservice/internal/domain/task/service.go:123.2,123.12 1 1
taskservice/internal/domain/task/service.go:126.88,128.2 1 1
taskservice/internal/domain/task/service.go:132.50,133.24 1 3
taskservice/internal/domain/task/service.go:133.24,135.3 1 1
taskservice/internal/domain/task/service.go:136.2,136.50 1 2
taskservice/internal/domain/task/service.go:136.50,137.24 1 2
taskservice/internal/domain/task/service.go:137.24,139.4 1 1
taskservice/internal/domain/task/service.go:140.3,140.57 1 1
taskservice/internal/domain/task/service.go:142.2,142.11 1 0
taskservice/internal/domain/task/validation.go:22.55,24.2 1 10
taskservice/internal/domain/task/validation.go:26.32,28.2 1 1
taskservice/internal/domain/task/validation.go:30.44,32.2 1 5
taskservice/internal/domain/task/validation.go:34.44,37.16 1 3
taskservice/internal/domain/task/validation.go:37.16,39.3 1 1
taskservice/internal/domain/task/validation.go:41.2,41.56 1 2
taskservice/internal/domain/task/validation.go:44.92,45.42 1 4
taskservice/internal/domain/task/validation.go:45.42,47.3 1 0
taskservice/internal/domain/task/validation.go:49.2,49.47 1 4
taskservice/internal/domain/task/validation.go:52.92,53.42 1 1
taskservice/internal/domain/task/validation.go:53.42,55.3 1 0
taskservice/internal/domain/task/validation.go:57.2,57.47 1 1
taskservice/internal/domain/task/validation.go:60.86,61.23 1 5
taskservice/internal/domain/task/validation.go:61.23,63.3 1 1
taskservice/internal/domain/task/validation.go:65.2,66.16 2 4
taskservice/internal/domain/task/validation.go:66.16,68.3 1 0
taskservice/internal/domain/task/validation.go:70.2,70.13 1 4
taskservice/internal/domain/task/validation.go:70.13,72.3 1 2
taskservice/internal/domain/task/validation.go:74.2,74.12 1 2
taskservice/internal/domain/task/validation.go:77.70,93.2 2 8
taskservice/internal/infrastructure/redis/cache.go:28.62,34.2 1 1
taskservice/internal/infrastructure/redis/cache.go:36.84,38.22 2 2
taskservice/internal/infrastructure/redis/cache.go:38.22,40.3 1 1
taskservice/internal/infrastructure/redis/cache.go:41.2,41.16 1 1
taskservice/internal/infrastructure/redis/cache.go:41.16,43.3 1 0
taskservice/internal/infrastructure/redis/cache.go:45.2,46.61 2 1
taskservice/internal/infrastructure/redis/cache.go:46.61,48.3 1 0
taskservice/internal/infrastructure/redis/cache.go:50.2,50.19 1 1
taskservice/internal/infrastructure/redis/cache.go:53.107,55.16 2 1
taskservice/internal/infrastructure/redis/cache.go:55.16,57.3 1 0
taskservice/internal/infrastructure/redis/cache.go:59.2,59.60 1 1
taskservice/internal/infrastructure/redis/cache.go:62.62,64.16 2 1
taskservice/internal/infrastructure/redis/cache.go:64.16,66.3 1 0
taskservice/internal/infrastructure/redis/cache.go:67.2,67.20 1 1
taskservice/internal/infrastructure/redis/cache.go:67.20,69.3 1 0
taskservice/internal/infrastructure/redis/cache.go:70.2,70.41 1 1
taskservice/internal/infrastructure/redis/cache.go:73.55,75.2 1 1
taskservice/internal/infrastructure/redis/cache.go:77.35,79.2 1 2
taskservice/internal/infrastructure/postgres/migrations.go:11.67,44.16 5 0
taskservice/internal/infrastructure/postgres/migrations.go:44.16,46.3 1 0
taskservice/internal/infrastructure/postgres/migrations.go:47.2,49.34 2 0
taskservice/internal/infrastructure/postgres/migrations.go:49.34,50.55 1 0
taskservice/internal/infrastructure/postgres/migrations.go:50.55,52.4 1 0
taskservice/internal/infrastructure/postgres/migrations.go:55.2,55.39 1 0
taskservice/internal/infrastructure/postgres/migrations.go:55.39,57.3 1 0
taskservice/internal/infrastructure/postgres/migrations.go:59.2,59.12 1 0
taskservice/internal/infrastructure/postgres/task_repository.go:17.54,19.2 1 2
taskservice/internal/infrastructure/postgres/task_repository.go:21.74,32.53 4 1
taskservice/internal/infrastructure/postgres/task_repository.go:32.53,34.3 1 0
taskservice/internal/infrastructure/postgres/task_repository.go:36.2,37.12 2 1
taskservice/internal/infrastructure/postgres/task_repository.go:40.88,46.103 4 1
taskservice/internal/infrastructure/postgres/task_repository.go:46.103,48.3 1 0
taskservice/internal/infrastructure/postgres/task_repository.go:50.2,52.16 3 1
taskservice/internal/infrastructure/postgres/task_repository.go:55.102,66.26 3 1
taskservice/internal/infrastructure/postgres/task_repository.go:66.26,68.3 1 1
taskservice/internal/infrastructure/postgres/task_repository.go:70.2,71.26 2 1
taskservice/internal/infrastructure/postgres/task_repository.go:71.26,73.3 1 1
taskservice/internal/infrastructure/postgres/task_repository.go:75.2,76.16 2 1
taskservice/internal/infrastructure/postgres/task_repository.go:76.16,78.3 1 1
taskservice/internal/infrastructure/postgres/task_repository.go:79.2,80.16 2 1
taskservice/internal/infrastructure/postgres/task_repository.go:80.16,82.3 1 0
taskservice/internal/infrastructure/postgres/task_repository.go:84.2,85.16 2 1
taskservice/internal/infrastructure/postgres/task_repository.go:85.16,87.3 1 0
taskservice/internal/infrastructure/postgres/task_repository.go:88.2,91.18 3 1
taskservice/internal/infrastructure/postgres/task_repository.go:91.18,94.118 3 1
taskservice/internal/infrastructure/postgres/task_repository.go:94.118,96.4 1 0
taskservice/internal/infrastructure/postgres/task_repository.go:97.3,99.27 3 1
taskservice/internal/infrastructure/postgres/task_repository.go:102.2,102.35 1 1
taskservice/internal/infrastructure/postgres/task_repository.go:102.35,104.3 1 0
taskservice/internal/infrastructure/postgres/task_repository.go:106.2,106.19 1 1
taskservice/internal/infrastructure/postgres/task_repository.go:109.74,120.34 3 1
taskservice/internal/infrastructure/postgres/task_repository.go:120.34,122.3 1 0
taskservice/internal/infrastructure/postgres/task_repository.go:124.2,124.12 1 1
taskservice/internal/infrastructure/postgres/task_repository.go:127.73,130.16 3 2
taskservice/internal/infrastructure/postgres/task_repository.go:130.16,132.3 1 0
taskservice/internal/infrastructure/postgres/task_repository.go:133.2,133.29 1 2
taskservice/internal/infrastructure/postgres/task_repository.go:133.29,135.3 1 1
taskservice/internal/infrastructure/postgres/task_repository.go:136.2,136.12 1 1
taskservice/internal/infrastructure/postgres/task_repository.go:139.95,148.26 3 1
taskservice/internal/infrastructure/postgres/task_repository.go:148.26,150.3 1 0
taskservice/internal/infrastructure/postgres/task_repository.go:152.2,153.26 2 1
taskservice/internal/infrastructure/postgres/task_repository.go:153.26,155.3 1 0
taskservice/internal/infrastructure/postgres/task_repository.go:157.2,158.81 2 1
taskservice/internal/infrastructure/postgres/task_repository.go:158.81,160.3 1 0
taskservice/internal/infrastructure/postgres/task_repository.go:162.2,162.19 1 1
taskservice/internal/infrastructure/postgres/user_repository.go:18.54,20.2 1 2
taskservice/internal/infrastructure/postgres/user_repository.go:22.74,33.53 4 1
taskservice/internal/infrastructure/postgres/user_repository.go:33.53,35.3 1 0
taskservice/internal/infrastructure/postgres/user_repository.go:37.2,38.12 2 1
taskservice/internal/infrastructure/postgres/user_repository.go:41.87,47.76 4 1
taskservice/internal/infrastructure/postgres/user_repository.go:47.76,49.3 1 0
taskservice/internal/infrastructure/postgres/user_repository.go:51.2,52.15 2 1
taskservice/internal/infrastructure/postgres/user_repository.go:55.81,59.2 2 1
taskservice/internal/infrastructure/postgres/user_repository.go:61.89,64.2 2 2
taskservice/internal/infrastructure/postgres/user_repository.go:66.88,68.69 2 3
taskservice/internal/infrastructure/postgres/user_repository.go:68.69,69.36 1 1
taskservice/internal/infrastructure/postgres/user_repository.go:69.36,71.4 1 1
taskservice/internal/infrastructure/postgres/user_repository.go:72.3,72.20 1 0
taskservice/internal/infrastructure/postgres/user_repository.go:74.2,74.25 1 2
taskservice/internal/observability/metrics.go:21.53,22.16 1 3
taskservice/internal/observability/metrics.go:22.16,24.3 1 0
taskservice/internal/observability/metrics.go:26.2,56.10 7 3
taskservice/internal/observability/metrics.go:59.48,61.2 1 1
taskservice/internal/observability/metrics.go:64.45,66.2 1 1
taskservice/internal/observability/metrics.go:69.44,71.2 1 1
taskservice/internal/observability/metrics.go:73.53,74.30 1 3
taskservice/internal/observability/metrics.go:74.30,81.17 5 1
taskservice/internal/observability/metrics.go:81.17,83.4 1 0
taskservice/internal/observability/metrics.go:84.3,87.94 3 1
taskservice/internal/observability/metrics.go:91.109,92.48 1 4
taskservice/internal/observability/metrics.go:92.48,93.66 1 1
taskservice/internal/observability/metrics.go:93.66,94.74 1 1
taskservice/internal/observability/metrics.go:94.74,96.5 1 1
taskservice/internal/observability/metrics.go:97.9,98.14 1 0
taskservice/internal/observability/metrics.go:102.2,102.18 1 3
taskservice/internal/observability/metrics.go:105.115,106.48 1 4
taskservice/internal/observability/metrics.go:106.48,107.66 1 1
taskservice/internal/observability/metrics.go:107.66,108.76 1 1
taskservice/internal/observability/metrics.go:108.76,110.5 1 1
taskservice/internal/observability/metrics.go:111.9,112.14 1 0
taskservice/internal/observability/metrics.go:116.2,116.18 1 3
taskservice/internal/observability/metrics.go:119.92,120.48 1 4
taskservice/internal/observability/metrics.go:120.48,121.66 1 1
taskservice/internal/observability/metrics.go:121.66,122.70 1 1
taskservice/internal/observability/metrics.go:122.70,124.5 1 1
taskservice/internal/observability/metrics.go:125.9,126.14 1 0
taskservice/internal/observability/metrics.go:130.2,130.18 1 3
taskservice/internal/observability/tracing.go:24.96,26.19 2 1
taskservice/internal/observability/tracing.go:26.19,28.3 1 0
taskservice/internal/observability/tracing.go:30.2,39.16 2 1
taskservice/internal/observability/tracing.go:39.16,41.3 1 0
taskservice/internal/observability/tracing.go:43.2,47.16 2 1
taskservice/internal/observability/tracing.go:47.16,49.3 1 0
taskservice/internal/observability/tracing.go:51.2,64.37 4 1
taskservice/internal/delivery/http/handler.go:38.112,39.20 1 14
taskservice/internal/delivery/http/handler.go:39.20,41.3 1 13
taskservice/internal/delivery/http/handler.go:43.2,47.3 1 14
taskservice/internal/delivery/http/handler.go:50.50,52.47 2 2
taskservice/internal/delivery/http/handler.go:52.47,55.3 2 1
taskservice/internal/delivery/http/handler.go:57.2,65.16 3 1
taskservice/internal/delivery/http/handler.go:65.16,68.3 2 0
taskservice/internal/delivery/http/handler.go:70.2,71.61 2 1
taskservice/internal/delivery/http/handler.go:74.47,76.16 2 2
taskservice/internal/delivery/http/handler.go:76.16,79.3 2 0
taskservice/internal/delivery/http/handler.go:81.2,82.16 2 2
taskservice/internal/delivery/http/handler.go:82.16,85.3 2 1
taskservice/internal/delivery/http/handler.go:87.2,87.46 1 1
taskservice/internal/delivery/http/handler.go:90.49,92.16 2 3
taskservice/internal/delivery/http/handler.go:92.16,95.3 2 1
taskservice/internal/delivery/http/handler.go:97.2,98.16 2 2
taskservice/internal/delivery/http/handler.go:98.16,101.3 2 0
taskservice/internal/delivery/http/handler.go:103.2,104.26 2 2
taskservice/internal/delivery/http/handler.go:104.26,106.3 1 2
taskservice/internal/delivery/http/handler.go:108.2,108.58 1 2
taskservice/internal/delivery/http/handler.go:108.58,109.90 1 1
taskservice/internal/delivery/http/handler.go:109.90,111.4 1 1
taskservice/internal/delivery/http/handler.go:114.2,114.37 1 2
taskservice/internal/delivery/http/handler.go:117.50,119.16 2 2
taskservice/internal/delivery/http/handler.go:119.16,122.3 2 1
taskservice/internal/delivery/http/handler.go:124.2,125.47 2 1
taskservice/internal/delivery/http/handler.go:125.47,128.3 2 0
taskservice/internal/delivery/http/handler.go:130.2,139.16 3 1
taskservice/internal/delivery/http/handler.go:139.16,142.3 2 0
taskservice/internal/delivery/http/handler.go:144.2,144.56 1 1
taskservice/internal/delivery/http/handler.go:147.50,149.16 2 2
taskservice/internal/delivery/http/handler.go:149.16,152.3 2 0
taskservice/internal/delivery/http/handler.go:154.2,154.74 1 2
taskservice/internal/delivery/http/handler.go:154.74,157.3 2 1
taskservice/internal/delivery/http/handler.go:159.2,160.35 2 1
taskservice/internal/delivery/http/handler.go:163.50,165.47 2 2
taskservice/internal/delivery/http/handler.go:165.47,168.3 2 0
taskservice/internal/delivery/http/handler.go:170.2,170.39 1 2
taskservice/internal/delivery/http/handler.go:170.39,173.3 2 1
taskservice/internal/delivery/http/handler.go:175.2,176.16 2 1
taskservice/internal/delivery/http/handler.go:176.16,179.3 2 0
taskservice/internal/delivery/http/handler.go:181.2,181.61 1 1
taskservice/internal/delivery/http/handler.go:184.47,186.16 2 1
taskservice/internal/delivery/http/handler.go:186.16,189.3 2 0
taskservice/internal/delivery/http/handler.go:191.2,192.16 2 1
taskservice/internal/delivery/http/handler.go:192.16,195.3 2 0
taskservice/internal/delivery/http/handler.go:197.2,197.46 1 1
taskservice/internal/delivery/http/handler.go:200.52,210.2 1 5
taskservice/internal/delivery/http/handler.go:212.52,220.2 1 2
taskservice/internal/delivery/http/handler.go:222.49,224.16 2 7
taskservice/internal/delivery/http/handler.go:224.16,226.3 1 1
taskservice/internal/delivery/http/handler.go:227.2,227.30 1 6
taskservice/internal/delivery/http/handler.go:230.53,231.15 1 3
taskservice/internal/delivery/http/handler.go:231.15,233.3 1 2
taskservice/internal/delivery/http/handler.go:235.2,236.16 2 1
taskservice/internal/delivery/http/handler.go:236.16,238.3 1 0
taskservice/internal/delivery/http/handler.go:240.2,241.21 2 1
taskservice/internal/delivery/http/handler.go:244.68,247.68 2 3
taskservice/internal/delivery/http/handler.go:247.68,249.3 1 0
taskservice/internal/delivery/http/handler.go:249.8,251.3 1 3
taskservice/internal/delivery/http/handler.go:253.2,253.47 1 3
taskservice/internal/delivery/http/handler.go:253.47,254.29 1 2
taskservice/internal/delivery/http/handler.go:254.29,256.4 1 1
taskservice/internal/delivery/http/handler.go:257.3,257.26 1 1
taskservice/internal/delivery/http/handler.go:260.2,262.20 3 2
taskservice/internal/delivery/http/handler.go:262.20,264.3 1 0
taskservice/internal/delivery/http/handler.go:266.2,269.20 3 2
taskservice/internal/delivery/http/handler.go:272.40,273.16 1 2
taskservice/internal/delivery/http/handler.go:274.31,275.14 1 1
taskservice/internal/delivery/http/handler.go:276.10,277.15 1 1
taskservice/internal/delivery/http/handler.go:281.48,282.15 1 4
taskservice/internal/delivery/http/handler.go:282.15,284.3 1 2
taskservice/internal/delivery/http/handler.go:285.2,286.30 2 2
taskservice/internal/delivery/http/handler.go:286.30,288.3 1 0
taskservice/internal/delivery/http/handler.go:289.2,289.14 1 2
taskservice/internal/delivery/http/handler.go:292.56,294.2 1 6
taskservice/internal/delivery/http/handler.go:296.62,297.22 1 2
taskservice/internal/delivery/http/handler.go:297.22,299.3 1 0
taskservice/internal/delivery/http/handler.go:301.2,301.85 1 2
taskservice/internal/delivery/http/handler.go:301.85,303.3 1 2
taskservice/internal/delivery/http/handler.go:306.48,307.22 1 1
taskservice/internal/delivery/http/handler.go:307.22,309.3 1 0
taskservice/internal/delivery/http/handler.go:311.2,311.32 1 1
taskservice/internal/delivery/http/openapi.go:40.42,41.51 1 16
taskservice/internal/delivery/http/openapi.go:41.51,43.21 2 1
taskservice/internal/delivery/http/openapi.go:43.21,44.107 1 1
taskservice/internal/delivery/http/openapi.go:44.107,46.5 1 0
taskservice/internal/delivery/http/openapi.go:48.3,48.53 1 1
taskservice/internal/delivery/http/openapi.go:50.2,51.45 2 16
taskservice/internal/delivery/http/openapi.go:54.37,56.2 1 1
taskservice/internal/delivery/http/server.go:9.68,13.28 3 14
taskservice/internal/delivery/http/server.go:13.28,16.3 2 14
taskservice/internal/delivery/http/server.go:18.2,18.17 1 14
taskservice/internal/delivery/http/server.go:18.17,20.3 1 0
taskservice/internal/delivery/http/server.go:22.2,32.15 9 14
taskservice/internal/delivery/http/server.go:35.40,49.2 13 0
